[db.config] FATAL: DATABASE_URL no definida.
[db.config] Configura DATABASE_URL en .env
╔══════════════════════════════════════════════════════════╗
║  [db.js] FATAL: DATABASE_URL no configurada.             ║
║  El servidor requiere PostgreSQL. Agrega DATABASE_URL     ║
║  en .env (ej: postgresql://user:pass@host/db?sslmode=...) ║
╚══════════════════════════════════════════════════════════╝
[BrevoAdapter] BREVO_API_KEY no configurada — emails desactivados.
[BrevoAdapter] BREVO_SENDER_EMAIL no configurado — emails desactivados.
[emailService] MÓDULO INACTIVO — Resend no configurado. Faltan credenciales en .env: RESEND_API_KEY
[emailService] El Auth, el Formulador y el Radar funcionan al 100%. Solo los emails están desactivados.
[env] Setting: NODE_ENV = (loaded)
[env] Setting: PORT = (loaded)
[env] Setting: DATABASE_URL = (loaded)
[env] Setting: JWT_SECRET = (loaded)
[env] Setting: ENCRYPTION_KEY = (loaded)
[env] Setting: SUPABASE_URL = (loaded)
[env] Setting: SUPABASE_ANON_KEY = (loaded)
[env] Setting: SUPABASE_JWT_SECRET = (loaded)
[env] Setting: FRONTEND_URL = (loaded)
[env] Setting: VITE_API_URL = (loaded)
[env] Setting: MCP_API_KEY = (loaded)
[env] Setting: STRIPE_SECRET_KEY = (empty)
[env] Setting: STRIPE_PUBLISHABLE_KEY = (empty)
[env] Setting: STRIPE_WEBHOOK_SECRET = (empty)
[env] Setting: STRIPE_PRICE_RADAR = (empty)
[env] Setting: STRIPE_PRICE_FORMULADOR = (empty)
[env] Setting: STRIPE_PRICE_SUITE = (empty)
[env] Setting: INNGEST_EVENT_KEY = (empty)
[env] Setting: INNGEST_SIGNING_KEY = (empty)
[env] Setting: GOOGLE_API_KEY = (loaded)
[env] Setting: GOOGLE_CLIENT_ID = (empty)
[env] Setting: GOOGLE_CLIENT_SECRET = (empty)
[env] Setting: GOOGLE_REDIRECT_URI = (loaded)
[env] Setting: RESEND_API_KEY = (empty)
[env] Setting: EMAIL_FROM = (empty)
[env] Setting: BREVO_API_KEY = (empty)
[env] Setting: BREVO_SENDER_EMAIL = (empty)
[env] Setting: BREVO_SENDER_NAME = (loaded)
[env] Setting: VITE_GEMINI_API_KEY = (loaded)
[env] .env cargado, envs count: 115
[env] DATABASE_URL present: true
[env] DATABASE_URL prefix: postgresql://po
[DB] pgvector no disponible (continúa sin índice vectorial): 
Fatal startup error: AggregateError [ECONNREFUSED]: 
    at C:\2026 AI EGIOC5\Antigravity JS\proyectos\Proy_03_RadarFondos\node_modules\pg-pool\index.js:45:11
    at process.processTicksAndRejections (node:internal/process/task_queues:104:5)
    at async initDb (file:///C:/2026%20AI%20EGIOC5/Antigravity%20JS/proyectos/Proy_03_RadarFondos/server.js:236:3)
    at async start (file:///C:/2026%20AI%20EGIOC5/Antigravity%20JS/proyectos/Proy_03_RadarFondos/server.js:672:3) {
  code: 'ECONNREFUSED',
  [errors]: [
    Error: connect ECONNREFUSED ::1:5432
        at createConnectionError (node:net:1746:14)
        at afterConnectMultiple (node:net:1776:16) {
      errno: -4078,
      code: 'ECONNREFUSED',
      syscall: 'connect',
      address: '::1',
      port: 5432
    },
    Error: connect ECONNREFUSED 127.0.0.1:5432
        at createConnectionError (node:net:1746:14)
        at afterConnectMultiple (node:net:1776:16) {
      errno: -4078,
      code: 'ECONNREFUSED',
      syscall: 'connect',
      address: '127.0.0.1',
      port: 5432
    }
  ]
}
